cargo :    Compiling glutin_egl_sys v0.7.1
Au caractère Ligne:1 : 24
+ cd D:\Coding\ffmeg_UI; cargo build 2>&1 | Out-File D:\Coding\ffmeg_UI ...
+                        ~~~~~~~~~~~~~~~~
    + CategoryInfo          : NotSpecified: (   Compiling glutin_egl_sys v0.7.1:String) [], RemoteException
    + FullyQualifiedErrorId : NativeCommandError
 
   Compiling memoffset v0.9.1
   Compiling encoding_rs v0.8.35
   Compiling zune-core v0.5.0
   Compiling error-code v3.3.2
   Compiling static_assertions v1.1.0
error: failed to run custom build command for `glutin_egl_sys v0.7.1`

Caused by:
  could not execute process `D:\Coding\ffmeg_UI\target\debug\build\glutin_egl_sys-deb11333bd1ee500\build-script-build` 
(never executed)

Caused by:
  Une strat├®gie de contr├┤le dÔÇÖapplication a bloqu├® ce fichier. (os error 4551)
warning: build failed, waiting for other jobs to finish...
